<?xml version='1.0'?>
<job_info  xmlns:xsd="http://gridengine.sunsource.net/source/browse/*checkout*/gridengine/source/dist/util/resources/schemas/qstat/qstat.xsd?revision=1.11">
  <queue_info>
    <job_list state="running">
      <JB_job_number>2</JB_job_number>
      <JAT_prio>0.55500</JAT_prio>
      <JB_name>Bone_Estimation_1</JB_name>
      <JB_owner>sgeadmin</JB_owner>
      <state>r</state>
      <JAT_start_time>2010-08-02T16:38:44</JAT_start_time>
      <queue_name>all.q@domU-12-31-39-0B-76-32.compute-1.internal</queue_name>
      <slots>1</slots>
      <tasks>34</tasks>
    </job_list>
  </queue_info>
  <job_info>
    <job_list state="pending">
      <JB_job_number>2</JB_job_number>
      <JAT_prio>0.55500</JAT_prio>
      <JB_name>Bone_Estimation_1</JB_name>
      <JB_owner>sgeadmin</JB_owner>
      <state>qw</state>
      <JB_submission_time>2010-08-02T15:39:38</JB_submission_time>
      <queue_name></queue_name>
      <slots>1</slots>
      <tasks>35-1000:1</tasks>
    </job_list>
  </job_info>
</job_info>
